^CDeseja finalizar o arquivo em lotes (S/N)? Deseja finalizar o arquivo em lotes (S/N)? ^C
